  Building Custom Rule C:/Users/jcbus/source/repos/Flatearth/engine/CMakeLists.txt
  Verificando fontes para dependências de módulo...
  Event.cc
  WindowsPlatform.cc
  FeMemory.cc
  Application.cc
  LinuxPlatform.cc
  Input.cc
  Compilando...
  FeMemory.cc
  Input.cc
  Event.cc
  WindowsPlatform.cc
  Application.cc
  LinuxPlatform.cc
C:\Users\jcbus\source\repos\Flatearth\engine\src\Core\Event.hpp(100,54): warning C4100: 'eventCtx': parâmetro formal não referenciado
  (compilando o arquivo fonte '../../engine/src/Core/Input.cc')
  
C:\Users\jcbus\source\repos\Flatearth\engine\src\Core\Event.hpp(99,62): warning C4100: 'ctx': parâmetro formal não referenciado
  (compilando o arquivo fonte '../../engine/src/Core/Input.cc')
  
C:\Users\jcbus\source\repos\Flatearth\engine\src\Core\Event.hpp(105,51): warning C4100: 'eventCtx': parâmetro formal não referenciado
  (compilando o arquivo fonte '../../engine/src/Core/Input.cc')
  
C:\Users\jcbus\source\repos\Flatearth\engine\src\Core\Event.hpp(104,59): warning C4100: 'ctx': parâmetro formal não referenciado
  (compilando o arquivo fonte '../../engine/src/Core/Input.cc')
  
C:\Users\jcbus\source\repos\Flatearth\engine\src\Core\Event.hpp(110,53): warning C4100: 'eventCtx': parâmetro formal não referenciado
  (compilando o arquivo fonte '../../engine/src/Core/Input.cc')
  
C:\Users\jcbus\source\repos\Flatearth\engine\src\Core\Event.hpp(109,61): warning C4100: 'ctx': parâmetro formal não referenciado
  (compilando o arquivo fonte '../../engine/src/Core/Input.cc')
  
C:\Users\jcbus\source\repos\Flatearth\engine\src\Core\Event.hpp(115,54): warning C4100: 'eventCtx': parâmetro formal não referenciado
  (compilando o arquivo fonte '../../engine/src/Core/Input.cc')
  
C:\Users\jcbus\source\repos\Flatearth\engine\src\Core\Event.hpp(114,62): warning C4100: 'ctx': parâmetro formal não referenciado
  (compilando o arquivo fonte '../../engine/src/Core/Input.cc')
  
C:\Users\jcbus\source\repos\Flatearth\engine\src\Core\Event.hpp(120,57): warning C4100: 'eventCtx': parâmetro formal não referenciado
  (compilando o arquivo fonte '../../engine/src/Core/Input.cc')
  
C:\Users\jcbus\source\repos\Flatearth\engine\src\Core\Event.hpp(119,65): warning C4100: 'ctx': parâmetro formal não referenciado
  (compilando o arquivo fonte '../../engine/src/Core/Input.cc')
  
C:\Users\jcbus\source\repos\Flatearth\engine\src\Core\Input.cc(9,35): warning C4100: 'deltaTime': parâmetro formal não referenciado
C:\Users\jcbus\source\repos\Flatearth\engine\src\Core\Event.hpp(100,54): warning C4100: 'eventCtx': parâmetro formal não referenciado
  (compilando o arquivo fonte '../../engine/src/Core/Event.cc')
  
C:\Users\jcbus\source\repos\Flatearth\engine\src\Core\Event.hpp(99,62): warning C4100: 'ctx': parâmetro formal não referenciado
  (compilando o arquivo fonte '../../engine/src/Core/Event.cc')
  
C:\Users\jcbus\source\repos\Flatearth\engine\src\Core\Event.hpp(105,51): warning C4100: 'eventCtx': parâmetro formal não referenciado
  (compilando o arquivo fonte '../../engine/src/Core/Event.cc')
  
C:\Users\jcbus\source\repos\Flatearth\engine\src\Core\Event.hpp(104,59): warning C4100: 'ctx': parâmetro formal não referenciado
  (compilando o arquivo fonte '../../engine/src/Core/Event.cc')
  
C:\Users\jcbus\source\repos\Flatearth\engine\src\Core\Event.hpp(110,53): warning C4100: 'eventCtx': parâmetro formal não referenciado
  (compilando o arquivo fonte '../../engine/src/Core/Event.cc')
  
C:\Users\jcbus\source\repos\Flatearth\engine\src\Core\Event.hpp(109,61): warning C4100: 'ctx': parâmetro formal não referenciado
  (compilando o arquivo fonte '../../engine/src/Core/Event.cc')
  
C:\Users\jcbus\source\repos\Flatearth\engine\src\Core\Event.hpp(115,54): warning C4100: 'eventCtx': parâmetro formal não referenciado
  (compilando o arquivo fonte '../../engine/src/Core/Event.cc')
  
C:\Users\jcbus\source\repos\Flatearth\engine\src\Core\Event.hpp(114,62): warning C4100: 'ctx': parâmetro formal não referenciado
  (compilando o arquivo fonte '../../engine/src/Core/Event.cc')
  
C:\Users\jcbus\source\repos\Flatearth\engine\src\Core\Event.hpp(120,57): warning C4100: 'eventCtx': parâmetro formal não referenciado
  (compilando o arquivo fonte '../../engine/src/Core/Event.cc')
  
C:\Users\jcbus\source\repos\Flatearth\engine\src\Core\Event.hpp(119,65): warning C4100: 'ctx': parâmetro formal não referenciado
  (compilando o arquivo fonte '../../engine/src/Core/Event.cc')
  
C:\Users\jcbus\source\repos\Flatearth\engine\src\Core\Event.hpp(100,54): warning C4100: 'eventCtx': parâmetro formal não referenciado
  (compilando o arquivo fonte '../../engine/src/Platform/LinuxPlatform.cc')
  
C:\Users\jcbus\source\repos\Flatearth\engine\src\Core\Event.hpp(99,62): warning C4100: 'ctx': parâmetro formal não referenciado
  (compilando o arquivo fonte '../../engine/src/Platform/LinuxPlatform.cc')
  
C:\Users\jcbus\source\repos\Flatearth\engine\src\Core\Event.hpp(105,51): warning C4100: 'eventCtx': parâmetro formal não referenciado
  (compilando o arquivo fonte '../../engine/src/Platform/LinuxPlatform.cc')
  
C:\Users\jcbus\source\repos\Flatearth\engine\src\Core\Event.hpp(104,59): warning C4100: 'ctx': parâmetro formal não referenciado
  (compilando o arquivo fonte '../../engine/src/Platform/LinuxPlatform.cc')
  
C:\Users\jcbus\source\repos\Flatearth\engine\src\Core\Event.hpp(110,53): warning C4100: 'eventCtx': parâmetro formal não referenciado
  (compilando o arquivo fonte '../../engine/src/Platform/LinuxPlatform.cc')
  
C:\Users\jcbus\source\repos\Flatearth\engine\src\Core\Event.hpp(109,61): warning C4100: 'ctx': parâmetro formal não referenciado
  (compilando o arquivo fonte '../../engine/src/Platform/LinuxPlatform.cc')
  
C:\Users\jcbus\source\repos\Flatearth\engine\src\Core\Event.hpp(115,54): warning C4100: 'eventCtx': parâmetro formal não referenciado
  (compilando o arquivo fonte '../../engine/src/Platform/LinuxPlatform.cc')
  
C:\Users\jcbus\source\repos\Flatearth\engine\src\Core\Event.hpp(114,62): warning C4100: 'ctx': parâmetro formal não referenciado
  (compilando o arquivo fonte '../../engine/src/Platform/LinuxPlatform.cc')
  
C:\Users\jcbus\source\repos\Flatearth\engine\src\Core\Event.hpp(120,57): warning C4100: 'eventCtx': parâmetro formal não referenciado
  (compilando o arquivo fonte '../../engine/src/Platform/LinuxPlatform.cc')
  
C:\Users\jcbus\source\repos\Flatearth\engine\src\Core\Event.hpp(119,65): warning C4100: 'ctx': parâmetro formal não referenciado
  (compilando o arquivo fonte '../../engine/src/Platform/LinuxPlatform.cc')
  
C:\Users\jcbus\source\repos\Flatearth\engine\src\Core\Event.hpp(100,54): warning C4100: 'eventCtx': parâmetro formal não referenciado
  (compilando o arquivo fonte '../../engine/src/Core/Application.cc')
  
C:\Users\jcbus\source\repos\Flatearth\engine\src\Core\Event.hpp(99,62): warning C4100: 'ctx': parâmetro formal não referenciado
  (compilando o arquivo fonte '../../engine/src/Core/Application.cc')
  
C:\Users\jcbus\source\repos\Flatearth\engine\src\Core\Event.hpp(105,51): warning C4100: 'eventCtx': parâmetro formal não referenciado
  (compilando o arquivo fonte '../../engine/src/Core/Application.cc')
  
C:\Users\jcbus\source\repos\Flatearth\engine\src\Core\Event.hpp(104,59): warning C4100: 'ctx': parâmetro formal não referenciado
  (compilando o arquivo fonte '../../engine/src/Core/Application.cc')
  
C:\Users\jcbus\source\repos\Flatearth\engine\src\Core\Event.hpp(110,53): warning C4100: 'eventCtx': parâmetro formal não referenciado
  (compilando o arquivo fonte '../../engine/src/Core/Application.cc')
  
C:\Users\jcbus\source\repos\Flatearth\engine\src\Core\Event.hpp(109,61): warning C4100: 'ctx': parâmetro formal não referenciado
  (compilando o arquivo fonte '../../engine/src/Core/Application.cc')
  
C:\Users\jcbus\source\repos\Flatearth\engine\src\Core\Event.hpp(115,54): warning C4100: 'eventCtx': parâmetro formal não referenciado
  (compilando o arquivo fonte '../../engine/src/Core/Application.cc')
  
C:\Users\jcbus\source\repos\Flatearth\engine\src\Core\Event.hpp(114,62): warning C4100: 'ctx': parâmetro formal não referenciado
  (compilando o arquivo fonte '../../engine/src/Core/Application.cc')
  
C:\Users\jcbus\source\repos\Flatearth\engine\src\Core\Event.hpp(120,57): warning C4100: 'eventCtx': parâmetro formal não referenciado
  (compilando o arquivo fonte '../../engine/src/Core/Application.cc')
  
C:\Users\jcbus\source\repos\Flatearth\engine\src\Core\Event.hpp(119,65): warning C4100: 'ctx': parâmetro formal não referenciado
  (compilando o arquivo fonte '../../engine/src/Core/Application.cc')
  
C:\Users\jcbus\source\repos\Flatearth\engine\src\Core\Event.hpp(100,54): warning C4100: 'eventCtx': parâmetro formal não referenciado
  (compilando o arquivo fonte '../../engine/src/Platform/WindowsPlatform.cc')
  
C:\Users\jcbus\source\repos\Flatearth\engine\src\Core\Event.hpp(99,62): warning C4100: 'ctx': parâmetro formal não referenciado
  (compilando o arquivo fonte '../../engine/src/Platform/WindowsPlatform.cc')
  
C:\Users\jcbus\source\repos\Flatearth\engine\src\Core\Event.hpp(105,51): warning C4100: 'eventCtx': parâmetro formal não referenciado
  (compilando o arquivo fonte '../../engine/src/Platform/WindowsPlatform.cc')
  
C:\Users\jcbus\source\repos\Flatearth\engine\src\Core\Event.hpp(104,59): warning C4100: 'ctx': parâmetro formal não referenciado
  (compilando o arquivo fonte '../../engine/src/Platform/WindowsPlatform.cc')
  
C:\Users\jcbus\source\repos\Flatearth\engine\src\Core\Event.hpp(110,53): warning C4100: 'eventCtx': parâmetro formal não referenciado
  (compilando o arquivo fonte '../../engine/src/Platform/WindowsPlatform.cc')
  
C:\Users\jcbus\source\repos\Flatearth\engine\src\Core\Event.hpp(109,61): warning C4100: 'ctx': parâmetro formal não referenciado
  (compilando o arquivo fonte '../../engine/src/Platform/WindowsPlatform.cc')
  
C:\Users\jcbus\source\repos\Flatearth\engine\src\Core\Event.hpp(115,54): warning C4100: 'eventCtx': parâmetro formal não referenciado
  (compilando o arquivo fonte '../../engine/src/Platform/WindowsPlatform.cc')
  
C:\Users\jcbus\source\repos\Flatearth\engine\src\Core\Event.hpp(114,62): warning C4100: 'ctx': parâmetro formal não referenciado
  (compilando o arquivo fonte '../../engine/src/Platform/WindowsPlatform.cc')
  
C:\Users\jcbus\source\repos\Flatearth\engine\src\Core\Event.hpp(120,57): warning C4100: 'eventCtx': parâmetro formal não referenciado
  (compilando o arquivo fonte '../../engine/src/Platform/WindowsPlatform.cc')
  
C:\Users\jcbus\source\repos\Flatearth\engine\src\Core\Event.hpp(119,65): warning C4100: 'ctx': parâmetro formal não referenciado
  (compilando o arquivo fonte '../../engine/src/Platform/WindowsPlatform.cc')
  
C:\Users\jcbus\source\repos\Flatearth\engine\src\Core\Event.cc(24,20): warning C4244: 'inicializando': conversão de 'uint16' para 'uint8', possível perda de dados
C:\Users\jcbus\source\repos\Flatearth\engine\src\Core\Event.cc(59,20): warning C4244: 'inicializando': conversão de 'uint16' para 'uint8', possível perda de dados
C:\Users\jcbus\source\repos\Flatearth\engine\src\Core\Event.cc(87,20): warning C4244: 'inicializando': conversão de 'uint16' para 'uint8', possível perda de dados
C:\Users\jcbus\source\repos\Flatearth\engine\src\Core\Event.cc(122,20): warning C4244: 'inicializando': conversão de 'uint16' para 'uint8', possível perda de dados
C:\Users\jcbus\source\repos\Flatearth\engine\src\Core\Event.cc(165,20): warning C4244: 'inicializando': conversão de 'uint16' para 'uint8', possível perda de dados
C:\Users\jcbus\source\repos\Flatearth\engine\src\Platform\WindowsPlatform.cc(40,9): warning C4189: 'icon': variável local é inicializada mas não referenciada
C:\Users\jcbus\source\repos\Flatearth\engine\src\Platform\WindowsPlatform.cc(200,27): warning C4838: a conversão de 'uint32' em '_Ty' requer uma conversão de restrição
C:\Users\jcbus\source\repos\Flatearth\engine\src\Platform\WindowsPlatform.cc(200,27): warning C4838:         with
C:\Users\jcbus\source\repos\Flatearth\engine\src\Platform\WindowsPlatform.cc(200,27): warning C4838:         [
C:\Users\jcbus\source\repos\Flatearth\engine\src\Platform\WindowsPlatform.cc(200,27): warning C4838:             _Ty=uint16
C:\Users\jcbus\source\repos\Flatearth\engine\src\Platform\WindowsPlatform.cc(200,27): warning C4838:         ]
C:\Users\jcbus\source\repos\Flatearth\engine\src\Platform\WindowsPlatform.cc(200,27): warning C4244: 'inicializando': conversão de 'uint32' para '_Ty', possível perda de dados
C:\Users\jcbus\source\repos\Flatearth\engine\src\Platform\WindowsPlatform.cc(200,27): warning C4244:         with
C:\Users\jcbus\source\repos\Flatearth\engine\src\Platform\WindowsPlatform.cc(200,27): warning C4244:         [
C:\Users\jcbus\source\repos\Flatearth\engine\src\Platform\WindowsPlatform.cc(200,27): warning C4244:             _Ty=uint16
C:\Users\jcbus\source\repos\Flatearth\engine\src\Platform\WindowsPlatform.cc(200,27): warning C4244:         ]
C:\Users\jcbus\source\repos\Flatearth\engine\src\Platform\WindowsPlatform.cc(201,27): warning C4838: a conversão de 'uint32' em '_Ty' requer uma conversão de restrição
C:\Users\jcbus\source\repos\Flatearth\engine\src\Platform\WindowsPlatform.cc(201,27): warning C4838:         with
C:\Users\jcbus\source\repos\Flatearth\engine\src\Platform\WindowsPlatform.cc(201,27): warning C4838:         [
C:\Users\jcbus\source\repos\Flatearth\engine\src\Platform\WindowsPlatform.cc(201,27): warning C4838:             _Ty=uint16
C:\Users\jcbus\source\repos\Flatearth\engine\src\Platform\WindowsPlatform.cc(201,27): warning C4838:         ]
C:\Users\jcbus\source\repos\Flatearth\engine\src\Platform\WindowsPlatform.cc(201,27): warning C4244: 'inicializando': conversão de 'uint32' para '_Ty', possível perda de dados
C:\Users\jcbus\source\repos\Flatearth\engine\src\Platform\WindowsPlatform.cc(201,27): warning C4244:         with
C:\Users\jcbus\source\repos\Flatearth\engine\src\Platform\WindowsPlatform.cc(201,27): warning C4244:         [
C:\Users\jcbus\source\repos\Flatearth\engine\src\Platform\WindowsPlatform.cc(201,27): warning C4244:             _Ty=uint16
C:\Users\jcbus\source\repos\Flatearth\engine\src\Platform\WindowsPlatform.cc(201,27): warning C4244:         ]
C:\Users\jcbus\source\repos\Flatearth\engine\src\Platform\WindowsPlatform.cc(246,42): warning C4244: 'argumento': conversão de 'int32' para 'int16', possível perda de dados
C:\Users\jcbus\source\repos\Flatearth\engine\src\Platform\WindowsPlatform.cc(246,36): warning C4244: 'argumento': conversão de 'int32' para 'int16', possível perda de dados
C:\Users\jcbus\source\repos\Flatearth\engine\src\Core\Application.cc(92,13): warning C4389: '==': incompatibilidade de signed/unsigned
C:\Users\jcbus\source\repos\Flatearth\engine\src\Core\Application.cc(92,42): warning C4389: '==': incompatibilidade de signed/unsigned
C:\Users\jcbus\source\repos\Flatearth\engine\src\Core\Application.cc(136,52): warning C4100: 'eventCtx': parâmetro formal não referenciado
C:\Users\jcbus\source\repos\Flatearth\engine\src\Core\Application.cc(230,63): warning C4100: 'ctx': parâmetro formal não referenciado
C:\Users\jcbus\source\repos\Flatearth\engine\src\Core\Application.cc(251,65): warning C4100: 'ctx': parâmetro formal não referenciado
C:\Users\jcbus\source\repos\Flatearth\engine\src\Core\Application.cc(273,66): warning C4100: 'ctx': parâmetro formal não referenciado
C:\Users\jcbus\source\repos\Flatearth\engine\src\Core\Application.cc(292,68): warning C4100: 'ctx': parâmetro formal não referenciado
C:\Users\jcbus\source\repos\Flatearth\engine\src\Core\Application.cc(443,3): warning C4063: case '131097' não é um valor válido para switch de enumeração 'flatearth::input::Keys'
      C:\Users\jcbus\source\repos\Flatearth\engine\src\Core\Input.hpp(21,6):
      consulte a declaração de 'flatearth::input::Keys'
  
     Criando biblioteca C:/Users/jcbus/source/repos/Flatearth/build/engine/Debug/flatearth.lib e objeto C:/Users/jcbus/source/repos/Flatearth/build/engine/Debug/flatearth.exp
  flatearth.vcxproj -> C:\Users\jcbus\source\repos\Flatearth\build\engine\Debug\flatearth.dll
