c:\users\jcbus\source\repos\flatearth\build\engine\cmakefiles\generate.stamp
c:\users\jcbus\source\repos\flatearth\build\engine\debug\flatearth.dll
c:\users\jcbus\source\repos\flatearth\build\engine\debug\flatearth.pdb
c:\users\jcbus\source\repos\flatearth\build\engine\flatearth.dir\debug\.d.json
c:\users\jcbus\source\repos\flatearth\build\engine\flatearth.dir\debug\event.obj
c:\users\jcbus\source\repos\flatearth\build\engine\flatearth.dir\debug\application.obj
c:\users\jcbus\source\repos\flatearth\build\engine\flatearth.dir\debug\windowsplatform.obj
c:\users\jcbus\source\repos\flatearth\build\engine\flatearth.dir\debug\input.obj
c:\users\jcbus\source\repos\flatearth\build\engine\flatearth.dir\debug\fememory.obj
c:\users\jcbus\source\repos\flatearth\build\engine\flatearth.dir\debug\linuxplatform.obj
c:\users\jcbus\source\repos\flatearth\build\engine\flatearth.dir\debug\linuxplatform.cc.module.json
c:\users\jcbus\source\repos\flatearth\build\engine\flatearth.dir\debug\fememory.cc.module.json
c:\users\jcbus\source\repos\flatearth\build\engine\flatearth.dir\debug\windowsplatform.cc.module.json
c:\users\jcbus\source\repos\flatearth\build\engine\flatearth.dir\debug\event.cc.module.json
c:\users\jcbus\source\repos\flatearth\build\engine\flatearth.dir\debug\application.cc.module.json
c:\users\jcbus\source\repos\flatearth\build\engine\flatearth.dir\debug\input.cc.module.json
c:\users\jcbus\source\repos\flatearth\build\engine\debug\flatearth.lib
c:\users\jcbus\source\repos\flatearth\build\engine\debug\flatearth.exp
c:\users\jcbus\source\repos\flatearth\build\engine\flatearth.dir\debug\flatearth.ilk
c:\users\jcbus\source\repos\flatearth\build\engine\flatearth.dir\debug\vc143.pdb
c:\users\jcbus\source\repos\flatearth\build\engine\flatearth.dir\debug\flatearth.tlog\cl.command.1.tlog
c:\users\jcbus\source\repos\flatearth\build\engine\flatearth.dir\debug\flatearth.tlog\cl.items.tlog
c:\users\jcbus\source\repos\flatearth\build\engine\flatearth.dir\debug\flatearth.tlog\custombuild.command.1.tlog
c:\users\jcbus\source\repos\flatearth\build\engine\flatearth.dir\debug\flatearth.tlog\custombuild.read.1.tlog
c:\users\jcbus\source\repos\flatearth\build\engine\flatearth.dir\debug\flatearth.tlog\custombuild.write.1.tlog
c:\users\jcbus\source\repos\flatearth\build\engine\flatearth.dir\debug\flatearth.tlog\link.command.1.tlog
c:\users\jcbus\source\repos\flatearth\build\engine\flatearth.dir\debug\flatearth.tlog\link.read.1.tlog
c:\users\jcbus\source\repos\flatearth\build\engine\flatearth.dir\debug\flatearth.tlog\link.secondary.1.tlog
c:\users\jcbus\source\repos\flatearth\build\engine\flatearth.dir\debug\flatearth.tlog\link.write.1.tlog
c:\users\jcbus\source\repos\flatearth\build\engine\flatearth.dir\debug\flatearth.tlog\microsoft.build.cpptasks.cl.read.1.tlog
c:\users\jcbus\source\repos\flatearth\build\engine\flatearth.dir\debug\flatearth.tlog\microsoft.build.cpptasks.cl.write.1.tlog
c:\users\jcbus\source\repos\flatearth\build\engine\flatearth.dir\debug\flatearth_md.tlog\cl.command.1.tlog
c:\users\jcbus\source\repos\flatearth\build\engine\flatearth.dir\debug\flatearth_md.tlog\microsoft.build.cpptasks.cl.read.1.tlog
c:\users\jcbus\source\repos\flatearth\build\engine\flatearth.dir\debug\flatearth_md.tlog\microsoft.build.cpptasks.cl.write.1.tlog
